MO Control NULL ../Control.v vlg41/_control.bin 1397585699
MO IF NULL ../IF.v vlg33/_i_f.bin 1397585699
MO TopLevel NULL ../TopLevel.v vlg23/_top_level.bin 1397585699
MO reg_file NULL ../reg_file.v vlg69/reg__file.bin 1397585699
MO InstROM NULL ../InstROM.v vlg18/_inst_r_o_m.bin 1397585699
MO ALU NULL ../ALU.v vlg2A/_a_l_u.bin 1397585699
MO DataRAM NULL ../DataRAM.v vlg1E/_data_r_a_m.bin 1397585699
