Release 14.7 - xst P.20131013 (lin64)
Copyright (c) 1995-2013 Xilinx, Inc.  All rights reserved.
--> 
Parameter TMPDIR set to xst/projnav.tmp


Total REAL time to Xst completion: 0.00 secs
Total CPU time to Xst completion: 0.05 secs
 
--> 
Parameter xsthdpdir set to xst


Total REAL time to Xst completion: 0.00 secs
Total CPU time to Xst completion: 0.05 secs
 
--> 
Reading design: state_machine.prj

TABLE OF CONTENTS
  1) Synthesis Options Summary
  2) HDL Parsing
  3) HDL Elaboration
  4) HDL Synthesis
       4.1) HDL Synthesis Report
  5) Advanced HDL Synthesis
       5.1) Advanced HDL Synthesis Report
  6) Low Level Synthesis
  7) Partition Report
  8) Design Summary
       8.1) Primitive and Black Box Usage
       8.2) Device utilization summary
       8.3) Partition Resource Summary
       8.4) Timing Report
            8.4.1) Clock Information
            8.4.2) Asynchronous Control Signals Information
            8.4.3) Timing Summary
            8.4.4) Timing Details
            8.4.5) Cross Clock Domains Report


=========================================================================
*                      Synthesis Options Summary                        *
=========================================================================
---- Source Parameters
Input File Name                    : "state_machine.prj"
Ignore Synthesis Constraint File   : NO

---- Target Parameters
Output File Name                   : "state_machine"
Output Format                      : NGC
Target Device                      : xc6slx4-2-csg225

---- Source Options
Top Module Name                    : state_machine
Automatic FSM Extraction           : YES
FSM Encoding Algorithm             : Auto
Safe Implementation                : No
FSM Style                          : LUT
RAM Extraction                     : Yes
RAM Style                          : Auto
ROM Extraction                     : Yes
Shift Register Extraction          : YES
ROM Style                          : Auto
Resource Sharing                   : YES
Asynchronous To Synchronous        : NO
Shift Register Minimum Size        : 2
Use DSP Block                      : Auto
Automatic Register Balancing       : No

---- Target Options
LUT Combining                      : Auto
Reduce Control Sets                : Auto
Add IO Buffers                     : YES
Global Maximum Fanout              : 100000
Add Generic Clock Buffer(BUFG)     : 16
Register Duplication               : YES
Optimize Instantiated Primitives   : NO
Use Clock Enable                   : Auto
Use Synchronous Set                : Auto
Use Synchronous Reset              : Auto
Pack IO Registers into IOBs        : Auto
Equivalent register Removal        : YES

---- General Options
Optimization Goal                  : Speed
Optimization Effort                : 1
Power Reduction                    : NO
Keep Hierarchy                     : No
Netlist Hierarchy                  : As_Optimized
RTL Output                         : Yes
Global Optimization                : AllClockNets
Read Cores                         : YES
Write Timing Constraints           : NO
Cross Clock Analysis               : NO
Hierarchy Separator                : /
Bus Delimiter                      : <>
Case Specifier                     : Maintain
Slice Utilization Ratio            : 100
BRAM Utilization Ratio             : 100
DSP48 Utilization Ratio            : 100
Auto BRAM Packing                  : NO
Slice Utilization Ratio Delta      : 5

=========================================================================


=========================================================================
*                          HDL Parsing                                  *
=========================================================================
Parsing VHDL file "/home/jebediah/My_Stuff/Programs/assignments/ENGS31/StateMachine/state_machine.vhd" into library work
Parsing entity <state_machine>.
Parsing architecture <Behavioral> of entity <state_machine>.

=========================================================================
*                            HDL Elaboration                            *
=========================================================================

Elaborating entity <state_machine> (architecture <Behavioral>) from library <work>.
INFO:HDLCompiler:679 - "/home/jebediah/My_Stuff/Programs/assignments/ENGS31/StateMachine/state_machine.vhd" Line 151. Case statement is complete. others clause is never selected

=========================================================================
*                           HDL Synthesis                               *
=========================================================================

Synthesizing Unit <state_machine>.
    Related source file is "/home/jebediah/My_Stuff/Programs/assignments/ENGS31/StateMachine/state_machine.vhd".
    Found 3-bit register for signal <state>.
    Found finite state machine <FSM_0> for signal <state>.
    -----------------------------------------------------------------------
    | States             | 8                                              |
    | Transitions        | 23                                             |
    | Inputs             | 3                                              |
    | Outputs            | 6                                              |
    | Clock              | Clk (rising_edge)                              |
    | Power Up State     | idle                                           |
    | Encoding           | auto                                           |
    | Implementation     | LUT                                            |
    -----------------------------------------------------------------------
WARNING:Xst:737 - Found 1-bit latch for signal <LIGHTS<4>>. Latches may be generated from incomplete case or if statements. We do not recommend the use of latches in FPGA/CPLD designs, as they may lead to timing problems.
WARNING:Xst:737 - Found 1-bit latch for signal <LIGHTS<3>>. Latches may be generated from incomplete case or if statements. We do not recommend the use of latches in FPGA/CPLD designs, as they may lead to timing problems.
WARNING:Xst:737 - Found 1-bit latch for signal <LIGHTS<2>>. Latches may be generated from incomplete case or if statements. We do not recommend the use of latches in FPGA/CPLD designs, as they may lead to timing problems.
WARNING:Xst:737 - Found 1-bit latch for signal <LIGHTS<1>>. Latches may be generated from incomplete case or if statements. We do not recommend the use of latches in FPGA/CPLD designs, as they may lead to timing problems.
WARNING:Xst:737 - Found 1-bit latch for signal <LIGHTS<0>>. Latches may be generated from incomplete case or if statements. We do not recommend the use of latches in FPGA/CPLD designs, as they may lead to timing problems.
WARNING:Xst:737 - Found 1-bit latch for signal <LIGHTS<5>>. Latches may be generated from incomplete case or if statements. We do not recommend the use of latches in FPGA/CPLD designs, as they may lead to timing problems.
    Summary:
	inferred   6 Latch(s).
	inferred  27 Multiplexer(s).
	inferred   1 Finite State Machine(s).
Unit <state_machine> synthesized.

=========================================================================
HDL Synthesis Report

Macro Statistics
# Latches                                              : 6
 1-bit latch                                           : 6
# Multiplexers                                         : 27
 1-bit 2-to-1 multiplexer                              : 27
# FSMs                                                 : 1

=========================================================================

=========================================================================
*                       Advanced HDL Synthesis                          *
=========================================================================


=========================================================================
Advanced HDL Synthesis Report

Macro Statistics
# Multiplexers                                         : 27
 1-bit 2-to-1 multiplexer                              : 27
# FSMs                                                 : 1

=========================================================================

=========================================================================
*                         Low Level Synthesis                           *
=========================================================================
Analyzing FSM <MFsm> for best encoding.
Optimizing FSM <FSM_0> on signal <state[1:3]> with user encoding.
-------------------
 State | Encoding
-------------------
 idle  | 000
 l1    | 001
 l2    | 010
 l3    | 011
 r1    | 100
 r2    | 101
 r3    | 110
 haz   | 111
-------------------

Optimizing unit <state_machine> ...

Mapping all equations...
Building and optimizing final netlist ...
Found area constraint ratio of 100 (+ 5) on block state_machine, actual ratio is 0.

Final Macro Processing ...

=========================================================================
Final Register Report

Macro Statistics
# Registers                                            : 3
 Flip-Flops                                            : 3

=========================================================================

=========================================================================
*                           Partition Report                            *
=========================================================================

Partition Implementation Status
-------------------------------

  No Partitions were found in this design.

-------------------------------

=========================================================================
*                            Design Summary                             *
=========================================================================

Top Level Output File Name         : state_machine.ngc

Primitive and Black Box Usage:
------------------------------
# BELS                             : 10
#      LUT5                        : 6
#      LUT6                        : 4
# FlipFlops/Latches                : 9
#      FD                          : 3
#      LD                          : 6
# Clock Buffers                    : 1
#      BUFGP                       : 1
# IO Buffers                       : 10
#      IBUF                        : 4
#      OBUF                        : 6

Device utilization summary:
---------------------------

Selected Device : 6slx4csg225-2 


Slice Logic Utilization: 
 Number of Slice Registers:               3  out of   4800     0%  
 Number of Slice LUTs:                   10  out of   2400     0%  
    Number used as Logic:                10  out of   2400     0%  

Slice Logic Distribution: 
 Number of LUT Flip Flop pairs used:     10
   Number with an unused Flip Flop:       7  out of     10    70%  
   Number with an unused LUT:             0  out of     10     0%  
   Number of fully used LUT-FF pairs:     3  out of     10    30%  
   Number of unique control sets:         2

IO Utilization: 
 Number of IOs:                          11
 Number of bonded IOBs:                  11  out of    132     8%  
    IOB Flip Flops/Latches:               6

Specific Feature Utilization:
 Number of BUFG/BUFGCTRLs:                1  out of     16     6%  

---------------------------
Partition Resource Summary:
---------------------------

  No Partitions were found in this design.

---------------------------


=========================================================================
Timing Report

NOTE: THESE TIMING NUMBERS ARE ONLY A SYNTHESIS ESTIMATE.
      FOR ACCURATE TIMING INFORMATION PLEASE REFER TO THE TRACE REPORT
      GENERATED AFTER PLACE-and-ROUTE.

Clock Information:
------------------
-------------------------------------------------------------+------------------------+-------+
Clock Signal                                                 | Clock buffer(FF name)  | Load  |
-------------------------------------------------------------+------------------------+-------+
state[2]_PWR_4_o_Mux_27_o(Mmux_state[2]_PWR_4_o_Mux_27_o11:O)| NONE(*)(LIGHTS_2)      | 6     |
Clk                                                          | BUFGP                  | 3     |
-------------------------------------------------------------+------------------------+-------+
(*) This 1 clock signal(s) are generated by combinatorial logic,
and XST is not able to identify which are the primary clock signals.
Please use the CLOCK_SIGNAL constraint to specify the clock signal(s) generated by combinatorial logic.
INFO:Xst:2169 - HDL ADVISOR - Some clock signals were not automatically buffered by XST with BUFG/BUFR resources. Please use the buffer_type constraint in order to insert these buffers to the clock signals to help prevent skew problems.

Asynchronous Control Signals Information:
----------------------------------------
No asynchronous control signals found in this design

Timing Summary:
---------------
Speed Grade: -2

   Minimum period: 2.070ns (Maximum Frequency: 483.092MHz)
   Minimum input arrival time before clock: 3.119ns
   Maximum output required time after clock: 4.174ns
   Maximum combinational path delay: No path found

Timing Details:
---------------
All values displayed in nanoseconds (ns)

=========================================================================
Timing constraint: Default period analysis for Clock 'Clk'
  Clock period: 2.070ns (frequency: 483.092MHz)
  Total number of paths / destination ports: 9 / 3
-------------------------------------------------------------------------
Delay:               2.070ns (Levels of Logic = 1)
  Source:            state_FSM_FFd3 (FF)
  Destination:       state_FSM_FFd1 (FF)
  Source Clock:      Clk rising
  Destination Clock: Clk rising

  Data Path: state_FSM_FFd3 to state_FSM_FFd1
                                Gate     Net
    Cell:in->out      fanout   Delay   Delay  Logical Name (Net Name)
    ----------------------------------------  ------------
     FD:C->Q              10   0.525   1.236  state_FSM_FFd3 (state_FSM_FFd3)
     LUT6:I3->O            1   0.235   0.000  state_FSM_FFd1-In1 (state_FSM_FFd1-In)
     FD:D                      0.074          state_FSM_FFd1
    ----------------------------------------
    Total                      2.070ns (0.834ns logic, 1.236ns route)
                                       (40.3% logic, 59.7% route)

=========================================================================
Timing constraint: Default OFFSET IN BEFORE for Clock 'state[2]_PWR_4_o_Mux_27_o'
  Total number of paths / destination ports: 12 / 6
-------------------------------------------------------------------------
Offset:              2.958ns (Levels of Logic = 2)
  Source:            B (PAD)
  Destination:       LIGHTS_2 (LATCH)
  Destination Clock: state[2]_PWR_4_o_Mux_27_o falling

  Data Path: B to LIGHTS_2
                                Gate     Net
    Cell:in->out      fanout   Delay   Delay  Logical Name (Net Name)
    ----------------------------------------  ------------
     IBUF:I->O             7   1.328   1.340  B_IBUF (B_IBUF)
     LUT5:I0->O            1   0.254   0.000  Mmux_state[2]_PWR_3_o_Mux_26_o12 (state[2]_PWR_3_o_Mux_26_o)
     LD:D                      0.036          LIGHTS_5
    ----------------------------------------
    Total                      2.958ns (1.618ns logic, 1.340ns route)
                                       (54.7% logic, 45.3% route)

=========================================================================
Timing constraint: Default OFFSET IN BEFORE for Clock 'Clk'
  Total number of paths / destination ports: 9 / 3
-------------------------------------------------------------------------
Offset:              3.119ns (Levels of Logic = 2)
  Source:            R (PAD)
  Destination:       state_FSM_FFd3 (FF)
  Destination Clock: Clk rising

  Data Path: R to state_FSM_FFd3
                                Gate     Net
    Cell:in->out      fanout   Delay   Delay  Logical Name (Net Name)
    ----------------------------------------  ------------
     IBUF:I->O            10   1.328   1.463  R_IBUF (R_IBUF)
     LUT6:I0->O            1   0.254   0.000  state_FSM_FFd3-In1 (state_FSM_FFd3-In)
     FD:D                      0.074          state_FSM_FFd3
    ----------------------------------------
    Total                      3.119ns (1.656ns logic, 1.463ns route)
                                       (53.1% logic, 46.9% route)

=========================================================================
Timing constraint: Default OFFSET OUT AFTER for Clock 'state[2]_PWR_4_o_Mux_27_o'
  Total number of paths / destination ports: 6 / 6
-------------------------------------------------------------------------
Offset:              4.174ns (Levels of Logic = 1)
  Source:            LIGHTS_5 (LATCH)
  Destination:       LIGHTS<5> (PAD)
  Source Clock:      state[2]_PWR_4_o_Mux_27_o falling

  Data Path: LIGHTS_5 to LIGHTS<5>
                                Gate     Net
    Cell:in->out      fanout   Delay   Delay  Logical Name (Net Name)
    ----------------------------------------  ------------
     LD:G->Q               1   0.581   0.681  LIGHTS_5 (LIGHTS_5)
     OBUF:I->O                 2.912          LIGHTS_5_OBUF (LIGHTS<5>)
    ----------------------------------------
    Total                      4.174ns (3.493ns logic, 0.681ns route)
                                       (83.7% logic, 16.3% route)

=========================================================================

Cross Clock Domains Report:
--------------------------

Clock to Setup on destination clock Clk
---------------+---------+---------+---------+---------+
               | Src:Rise| Src:Fall| Src:Rise| Src:Fall|
Source Clock   |Dest:Rise|Dest:Rise|Dest:Fall|Dest:Fall|
---------------+---------+---------+---------+---------+
Clk            |    2.070|         |         |         |
---------------+---------+---------+---------+---------+

Clock to Setup on destination clock state[2]_PWR_4_o_Mux_27_o
---------------+---------+---------+---------+---------+
               | Src:Rise| Src:Fall| Src:Rise| Src:Fall|
Source Clock   |Dest:Rise|Dest:Rise|Dest:Fall|Dest:Fall|
---------------+---------+---------+---------+---------+
Clk            |         |         |    2.253|         |
---------------+---------+---------+---------+---------+

=========================================================================


Total REAL time to Xst completion: 5.00 secs
Total CPU time to Xst completion: 5.52 secs
 
--> 


Total memory usage is 387012 kilobytes

Number of errors   :    0 (   0 filtered)
Number of warnings :    6 (   0 filtered)
Number of infos    :    1 (   0 filtered)

